---
source: src/tokenizer.rs
expression: res
---
- loc:
    line: 1
    col: 1
  token:
    Keyword: Let
- loc:
    line: 1
    col: 5
  token:
    Identifier: i
- loc:
    line: 1
    col: 7
  token: Equal
- loc:
    line: 1
    col: 1
  token:
    Number: 0
- loc:
    line: 1
    col: 2
  token: Semicolon
- loc:
    line: 1
    col: 1
  token:
    Keyword: While
- loc:
    line: 1
    col: 7
  token: LeftParen
- loc:
    line: 1
    col: 7
  token:
    Identifier: i
- loc:
    line: 1
    col: 9
  token: LeftAngle
- loc:
    line: 1
    col: 1
  token:
    Number: 10
- loc:
    line: 1
    col: 3
  token: RightParen
- loc:
    line: 1
    col: 1
  token: LeftSquiggly
- loc:
    line: 1
    col: 1
  token:
    Keyword: Print
- loc:
    line: 1
    col: 7
  token:
    Identifier: i
- loc:
    line: 1
    col: 9
  token: Semicolon
- loc:
    line: 1
    col: 1
  token:
    Identifier: i
- loc:
    line: 1
    col: 3
  token: AddAssign
- loc:
    line: 1
    col: 1
  token:
    Number: 1
- loc:
    line: 1
    col: 2
  token: Semicolon
- loc:
    line: 1
    col: 1
  token: RightSquiggly
