---
source: src/tokenizer.rs
expression: res
---
- loc:
    line: 1
    col: 1
  token:
    Number: 1
- loc:
    line: 1
    col: 1
  token: RightAngle
- loc:
    line: 1
    col: 1
  token:
    Number: 1
