---
source: src/bytecode.rs
expression: buf
---
- 10
- 0
- 0
- 0
- 0
- 0
- 0
- 0
- 5
- 0
- 0
- 0
- 0
- 0
- 0
- 0
